--------------------------------------------------------------------------------
Release 14.7 Trace  (nt64)
Copyright (c) 1995-2013 Xilinx, Inc.  All rights reserved.

C:\Xilinx\14.7\ISE_DS\ISE\bin\nt64\unwrapped\trce.exe -intstyle ise -v 3 -s 5
-n 3 -fastpaths -xml ALU.twx ALU.ncd -o ALU.twr ALU.pcf

Design file:              ALU.ncd
Physical constraint file: ALU.pcf
Device,package,speed:     xc3s100e,cp132,-5 (PRODUCTION 1.27 2013-10-13)
Report level:             verbose report

Environment Variable      Effect 
--------------------      ------ 
NONE                      No environment variables were set
--------------------------------------------------------------------------------

INFO:Timing:2698 - No timing constraints found, doing default enumeration.
INFO:Timing:3412 - To improve timing, see the Timing Closure User Guide (UG612).
INFO:Timing:2752 - To get complete path coverage, use the unconstrained paths 
   option. All paths that are not constrained will be reported in the 
   unconstrained paths section(s) of the report.
INFO:Timing:3339 - The clock-to-out numbers in this timing report are based on 
   a 50 Ohm transmission line loading model.  For the details of this model, 
   and for more information on accounting for different loading conditions, 
   please see the device datasheet.
INFO:Timing:3390 - This architecture does not support a default System Jitter 
   value, please add SYSTEM_JITTER constraint to the UCF to modify the Clock 
   Uncertainty calculation.
INFO:Timing:3389 - This architecture does not support 'Discrete Jitter' and 
   'Phase Error' calculations, these terms will be zero in the Clock 
   Uncertainty calculation.  Please make appropriate modification to 
   SYSTEM_JITTER to account for the unsupported Discrete Jitter and Phase 
   Error.



Data Sheet report:
-----------------
All values displayed in nanoseconds (ns)

Setup/Hold to clock clk
------------+------------+------------+------------------+--------+
            |Max Setup to|Max Hold to |                  | Clock  |
Source      | clk (edge) | clk (edge) |Internal Clock(s) | Phase  |
------------+------------+------------+------------------+--------+
A1<0>       |    8.239(R)|   -5.059(R)|clk_BUFGP         |   0.000|
A1<1>       |    8.248(R)|   -4.969(R)|clk_BUFGP         |   0.000|
A1<2>       |    8.175(R)|   -4.926(R)|clk_BUFGP         |   0.000|
A1<3>       |    8.011(R)|   -4.774(R)|clk_BUFGP         |   0.000|
A1<4>       |    7.397(R)|   -4.341(R)|clk_BUFGP         |   0.000|
A1<5>       |    7.611(R)|   -4.754(R)|clk_BUFGP         |   0.000|
A1<6>       |    7.589(R)|   -4.672(R)|clk_BUFGP         |   0.000|
A1<7>       |    7.277(R)|   -4.340(R)|clk_BUFGP         |   0.000|
B1<0>       |    7.934(R)|   -4.533(R)|clk_BUFGP         |   0.000|
B1<1>       |    8.114(R)|   -5.005(R)|clk_BUFGP         |   0.000|
B1<2>       |    8.623(R)|   -4.656(R)|clk_BUFGP         |   0.000|
B1<3>       |    8.724(R)|   -4.221(R)|clk_BUFGP         |   0.000|
B1<4>       |    7.411(R)|   -4.389(R)|clk_BUFGP         |   0.000|
B1<5>       |    7.245(R)|   -4.398(R)|clk_BUFGP         |   0.000|
B1<6>       |    7.817(R)|   -4.474(R)|clk_BUFGP         |   0.000|
B1<7>       |    7.562(R)|   -4.478(R)|clk_BUFGP         |   0.000|
Op<0>       |    4.150(R)|   -1.638(R)|clk_BUFGP         |   0.000|
Op<1>       |    4.971(R)|   -2.258(R)|clk_BUFGP         |   0.000|
Op<2>       |    5.361(R)|   -1.371(R)|clk_BUFGP         |   0.000|
Op<3>       |    4.429(R)|   -0.671(R)|clk_BUFGP         |   0.000|
Op<4>       |    5.760(R)|   -2.047(R)|clk_BUFGP         |   0.000|
Op<5>       |    5.728(R)|   -2.022(R)|clk_BUFGP         |   0.000|
Op<6>       |    5.958(R)|   -2.206(R)|clk_BUFGP         |   0.000|
Op<7>       |    5.592(R)|   -1.913(R)|clk_BUFGP         |   0.000|
------------+------------+------------+------------------+--------+

Clock clk to Pad
------------+------------+------------------+--------+
            | clk (edge) |                  | Clock  |
Destination |   to PAD   |Internal Clock(s) | Phase  |
------------+------------+------------------+--------+
CompReg     |    7.443(R)|clk_BUFGP         |   0.000|
------------+------------+------------------+--------+

Clock to Setup on destination clock clk
---------------+---------+---------+---------+---------+
               | Src:Rise| Src:Fall| Src:Rise| Src:Fall|
Source Clock   |Dest:Rise|Dest:Rise|Dest:Fall|Dest:Fall|
---------------+---------+---------+---------+---------+
clk            |    1.604|         |         |         |
---------------+---------+---------+---------+---------+

Pad to Pad
---------------+---------------+---------+
Source Pad     |Destination Pad|  Delay  |
---------------+---------------+---------+
A1<0>          |Out1<0>        |   14.811|
A1<0>          |Out1<1>        |   14.838|
A1<0>          |Out1<2>        |   14.670|
A1<0>          |Out1<3>        |   14.796|
A1<0>          |Out1<4>        |   14.756|
A1<0>          |Out1<5>        |   15.267|
A1<0>          |Out1<6>        |   14.943|
A1<0>          |Out1<7>        |   15.992|
A1<0>          |Out2<0>        |   12.933|
A1<0>          |Out2<1>        |   13.186|
A1<0>          |Out2<2>        |   13.824|
A1<0>          |Out2<3>        |   14.085|
A1<0>          |Out2<4>        |   14.565|
A1<0>          |Out2<5>        |   14.132|
A1<0>          |Out2<6>        |   14.000|
A1<0>          |Out2<7>        |   14.607|
A1<1>          |Out1<0>        |   12.642|
A1<1>          |Out1<1>        |   14.029|
A1<1>          |Out1<2>        |   13.892|
A1<1>          |Out1<3>        |   14.018|
A1<1>          |Out1<4>        |   13.978|
A1<1>          |Out1<5>        |   14.489|
A1<1>          |Out1<6>        |   14.165|
A1<1>          |Out1<7>        |   15.214|
A1<1>          |Out2<1>        |   13.437|
A1<1>          |Out2<2>        |   14.075|
A1<1>          |Out2<3>        |   14.336|
A1<1>          |Out2<4>        |   14.816|
A1<1>          |Out2<5>        |   14.383|
A1<1>          |Out2<6>        |   14.251|
A1<1>          |Out2<7>        |   14.858|
A1<2>          |Out1<0>        |   12.569|
A1<2>          |Out1<1>        |   12.300|
A1<2>          |Out1<2>        |   13.629|
A1<2>          |Out1<3>        |   13.906|
A1<2>          |Out1<4>        |   13.939|
A1<2>          |Out1<5>        |   14.450|
A1<2>          |Out1<6>        |   14.126|
A1<2>          |Out1<7>        |   15.175|
A1<2>          |Out2<2>        |   14.670|
A1<2>          |Out2<3>        |   14.931|
A1<2>          |Out2<4>        |   15.411|
A1<2>          |Out2<5>        |   14.978|
A1<2>          |Out2<6>        |   14.846|
A1<2>          |Out2<7>        |   15.453|
A1<3>          |Out1<0>        |   12.405|
A1<3>          |Out1<1>        |   12.136|
A1<3>          |Out1<2>        |   11.433|
A1<3>          |Out1<3>        |   14.626|
A1<3>          |Out1<4>        |   14.739|
A1<3>          |Out1<5>        |   15.250|
A1<3>          |Out1<6>        |   14.926|
A1<3>          |Out1<7>        |   15.975|
A1<3>          |Out2<3>        |   13.254|
A1<3>          |Out2<4>        |   14.477|
A1<3>          |Out2<5>        |   14.195|
A1<3>          |Out2<6>        |   14.190|
A1<3>          |Out2<7>        |   14.797|
A1<4>          |Out1<0>        |   11.791|
A1<4>          |Out1<1>        |   11.522|
A1<4>          |Out1<2>        |   10.819|
A1<4>          |Out1<3>        |   11.363|
A1<4>          |Out1<4>        |   12.858|
A1<4>          |Out1<5>        |   13.520|
A1<4>          |Out1<6>        |   13.559|
A1<4>          |Out1<7>        |   14.888|
A1<4>          |Out2<4>        |   15.143|
A1<4>          |Out2<5>        |   14.861|
A1<4>          |Out2<6>        |   14.856|
A1<4>          |Out2<7>        |   15.463|
A1<5>          |Out1<0>        |   12.005|
A1<5>          |Out1<1>        |   11.736|
A1<5>          |Out1<2>        |   11.033|
A1<5>          |Out1<3>        |   11.577|
A1<5>          |Out1<4>        |   11.537|
A1<5>          |Out1<5>        |   13.423|
A1<5>          |Out1<6>        |   13.888|
A1<5>          |Out1<7>        |   15.217|
A1<5>          |Out2<5>        |   13.240|
A1<5>          |Out2<6>        |   13.783|
A1<5>          |Out2<7>        |   14.541|
A1<6>          |Out1<0>        |   11.983|
A1<6>          |Out1<1>        |   11.714|
A1<6>          |Out1<2>        |   11.011|
A1<6>          |Out1<3>        |   11.555|
A1<6>          |Out1<4>        |   11.515|
A1<6>          |Out1<5>        |   11.521|
A1<6>          |Out1<6>        |   13.576|
A1<6>          |Out1<7>        |   14.905|
A1<6>          |Out2<6>        |   13.638|
A1<6>          |Out2<7>        |   14.396|
A1<7>          |Out1<0>        |   11.671|
A1<7>          |Out1<1>        |   11.402|
A1<7>          |Out1<2>        |   10.699|
A1<7>          |Out1<3>        |   11.243|
A1<7>          |Out1<4>        |   11.203|
A1<7>          |Out1<5>        |   11.209|
A1<7>          |Out1<6>        |   10.666|
A1<7>          |Out1<7>        |   14.617|
A1<7>          |Out2<7>        |   14.665|
A2<0>          |Out1<0>        |   14.411|
A2<0>          |Out1<1>        |   14.438|
A2<0>          |Out1<2>        |   14.084|
A2<0>          |Out1<3>        |   14.210|
A2<0>          |Out1<4>        |   13.882|
A2<0>          |Out1<5>        |   14.393|
A2<0>          |Out1<6>        |   14.285|
A2<0>          |Out1<7>        |   15.611|
A2<0>          |Out2<0>        |   13.815|
A2<0>          |Out2<1>        |   14.045|
A2<0>          |Out2<2>        |   14.281|
A2<0>          |Out2<3>        |   14.391|
A2<0>          |Out2<4>        |   14.634|
A2<0>          |Out2<5>        |   14.201|
A2<0>          |Out2<6>        |   14.145|
A2<0>          |Out2<7>        |   14.903|
A2<1>          |Out1<1>        |   14.139|
A2<1>          |Out1<2>        |   14.002|
A2<1>          |Out1<3>        |   14.128|
A2<1>          |Out1<4>        |   13.911|
A2<1>          |Out1<5>        |   14.422|
A2<1>          |Out1<6>        |   14.314|
A2<1>          |Out1<7>        |   15.640|
A2<1>          |Out2<1>        |   12.654|
A2<1>          |Out2<2>        |   13.107|
A2<1>          |Out2<3>        |   13.238|
A2<1>          |Out2<4>        |   13.718|
A2<1>          |Out2<5>        |   13.382|
A2<1>          |Out2<6>        |   14.161|
A2<1>          |Out2<7>        |   14.919|
A2<2>          |Out1<2>        |   14.541|
A2<2>          |Out1<3>        |   14.818|
A2<2>          |Out1<4>        |   14.714|
A2<2>          |Out1<5>        |   15.225|
A2<2>          |Out1<6>        |   15.117|
A2<2>          |Out1<7>        |   16.443|
A2<2>          |Out2<2>        |   12.948|
A2<2>          |Out2<3>        |   13.209|
A2<2>          |Out2<4>        |   13.689|
A2<2>          |Out2<5>        |   13.353|
A2<2>          |Out2<6>        |   14.132|
A2<2>          |Out2<7>        |   14.890|
A2<3>          |Out1<3>        |   13.272|
A2<3>          |Out1<4>        |   13.385|
A2<3>          |Out1<5>        |   13.896|
A2<3>          |Out1<6>        |   13.970|
A2<3>          |Out1<7>        |   15.296|
A2<3>          |Out2<3>        |   12.581|
A2<3>          |Out2<4>        |   13.343|
A2<3>          |Out2<5>        |   13.061|
A2<3>          |Out2<6>        |   13.840|
A2<3>          |Out2<7>        |   14.598|
A2<4>          |Out1<4>        |   13.774|
A2<4>          |Out1<5>        |   14.445|
A2<4>          |Out1<6>        |   14.575|
A2<4>          |Out1<7>        |   15.901|
A2<4>          |Out2<4>        |   13.628|
A2<4>          |Out2<5>        |   13.346|
A2<4>          |Out2<6>        |   14.125|
A2<4>          |Out2<7>        |   14.883|
A2<5>          |Out1<5>        |   13.828|
A2<5>          |Out1<6>        |   13.958|
A2<5>          |Out1<7>        |   15.284|
A2<5>          |Out2<5>        |   12.945|
A2<5>          |Out2<6>        |   14.136|
A2<5>          |Out2<7>        |   14.894|
A2<6>          |Out1<6>        |   13.703|
A2<6>          |Out1<7>        |   15.488|
A2<6>          |Out2<6>        |   14.343|
A2<6>          |Out2<7>        |   15.101|
A2<7>          |Out1<7>        |   15.545|
A2<7>          |Out2<7>        |   13.170|
B1<0>          |Out1<0>        |   13.748|
B1<0>          |Out1<1>        |   13.775|
B1<0>          |Out1<2>        |   13.607|
B1<0>          |Out1<3>        |   13.733|
B1<0>          |Out1<4>        |   13.693|
B1<0>          |Out1<5>        |   14.204|
B1<0>          |Out1<6>        |   13.880|
B1<0>          |Out1<7>        |   14.929|
B1<0>          |Out2<0>        |   15.132|
B1<0>          |Out2<1>        |   15.362|
B1<0>          |Out2<2>        |   15.598|
B1<0>          |Out2<3>        |   15.708|
B1<0>          |Out2<4>        |   15.951|
B1<0>          |Out2<5>        |   15.518|
B1<0>          |Out2<6>        |   15.462|
B1<0>          |Out2<7>        |   16.220|
B1<1>          |Out1<0>        |   12.508|
B1<1>          |Out1<1>        |   14.563|
B1<1>          |Out1<2>        |   14.426|
B1<1>          |Out1<3>        |   14.552|
B1<1>          |Out1<4>        |   14.512|
B1<1>          |Out1<5>        |   15.023|
B1<1>          |Out1<6>        |   14.699|
B1<1>          |Out1<7>        |   15.748|
B1<1>          |Out2<1>        |   12.941|
B1<1>          |Out2<2>        |   13.394|
B1<1>          |Out2<3>        |   13.525|
B1<1>          |Out2<4>        |   14.005|
B1<1>          |Out2<5>        |   13.669|
B1<1>          |Out2<6>        |   14.448|
B1<1>          |Out2<7>        |   15.206|
B1<2>          |Out1<0>        |   13.017|
B1<2>          |Out1<1>        |   12.748|
B1<2>          |Out1<2>        |   13.583|
B1<2>          |Out1<3>        |   13.860|
B1<2>          |Out1<4>        |   13.893|
B1<2>          |Out1<5>        |   14.404|
B1<2>          |Out1<6>        |   14.080|
B1<2>          |Out1<7>        |   15.129|
B1<2>          |Out2<2>        |   14.195|
B1<2>          |Out2<3>        |   14.456|
B1<2>          |Out2<4>        |   14.936|
B1<2>          |Out2<5>        |   14.600|
B1<2>          |Out2<6>        |   15.379|
B1<2>          |Out2<7>        |   16.137|
B1<3>          |Out1<0>        |   13.118|
B1<3>          |Out1<1>        |   12.849|
B1<3>          |Out1<2>        |   12.146|
B1<3>          |Out1<3>        |   13.494|
B1<3>          |Out1<4>        |   13.607|
B1<3>          |Out1<5>        |   14.118|
B1<3>          |Out1<6>        |   13.794|
B1<3>          |Out1<7>        |   14.843|
B1<3>          |Out2<3>        |   14.929|
B1<3>          |Out2<4>        |   15.691|
B1<3>          |Out2<5>        |   15.409|
B1<3>          |Out2<6>        |   16.188|
B1<3>          |Out2<7>        |   16.946|
B1<4>          |Out1<0>        |   11.805|
B1<4>          |Out1<1>        |   11.536|
B1<4>          |Out1<2>        |   10.833|
B1<4>          |Out1<3>        |   11.377|
B1<4>          |Out1<4>        |   13.384|
B1<4>          |Out1<5>        |   14.046|
B1<4>          |Out1<6>        |   14.085|
B1<4>          |Out1<7>        |   15.414|
B1<4>          |Out2<4>        |   14.852|
B1<4>          |Out2<5>        |   14.570|
B1<4>          |Out2<6>        |   15.349|
B1<4>          |Out2<7>        |   16.107|
B1<5>          |Out1<0>        |   11.639|
B1<5>          |Out1<1>        |   11.370|
B1<5>          |Out1<2>        |   10.667|
B1<5>          |Out1<3>        |   11.211|
B1<5>          |Out1<4>        |   11.171|
B1<5>          |Out1<5>        |   13.537|
B1<5>          |Out1<6>        |   14.002|
B1<5>          |Out1<7>        |   15.331|
B1<5>          |Out2<5>        |   14.168|
B1<5>          |Out2<6>        |   15.359|
B1<5>          |Out2<7>        |   16.117|
B1<6>          |Out1<0>        |   12.211|
B1<6>          |Out1<1>        |   11.942|
B1<6>          |Out1<2>        |   11.239|
B1<6>          |Out1<3>        |   11.783|
B1<6>          |Out1<4>        |   11.743|
B1<6>          |Out1<5>        |   11.749|
B1<6>          |Out1<6>        |   13.946|
B1<6>          |Out1<7>        |   15.275|
B1<6>          |Out2<6>        |   15.601|
B1<6>          |Out2<7>        |   16.359|
B1<7>          |Out1<0>        |   11.956|
B1<7>          |Out1<1>        |   11.687|
B1<7>          |Out1<2>        |   10.984|
B1<7>          |Out1<3>        |   11.528|
B1<7>          |Out1<4>        |   11.488|
B1<7>          |Out1<5>        |   11.494|
B1<7>          |Out1<6>        |   10.951|
B1<7>          |Out1<7>        |   14.829|
B1<7>          |Out2<7>        |   14.755|
B2<0>          |Out1<0>        |   14.826|
B2<0>          |Out1<1>        |   14.853|
B2<0>          |Out1<2>        |   14.499|
B2<0>          |Out1<3>        |   14.625|
B2<0>          |Out1<4>        |   14.297|
B2<0>          |Out1<5>        |   14.808|
B2<0>          |Out1<6>        |   14.700|
B2<0>          |Out1<7>        |   16.026|
B2<0>          |Out2<0>        |   14.400|
B2<0>          |Out2<1>        |   14.653|
B2<0>          |Out2<2>        |   15.291|
B2<0>          |Out2<3>        |   15.552|
B2<0>          |Out2<4>        |   16.032|
B2<0>          |Out2<5>        |   15.599|
B2<0>          |Out2<6>        |   15.467|
B2<0>          |Out2<7>        |   16.074|
B2<1>          |Out1<1>        |   14.175|
B2<1>          |Out1<2>        |   14.038|
B2<1>          |Out1<3>        |   14.164|
B2<1>          |Out1<4>        |   13.947|
B2<1>          |Out1<5>        |   14.458|
B2<1>          |Out1<6>        |   14.350|
B2<1>          |Out1<7>        |   15.676|
B2<1>          |Out2<1>        |   13.877|
B2<1>          |Out2<2>        |   14.515|
B2<1>          |Out2<3>        |   14.776|
B2<1>          |Out2<4>        |   15.256|
B2<1>          |Out2<5>        |   14.823|
B2<1>          |Out2<6>        |   14.691|
B2<1>          |Out2<7>        |   15.298|
B2<2>          |Out1<2>        |   14.169|
B2<2>          |Out1<3>        |   14.446|
B2<2>          |Out1<4>        |   14.342|
B2<2>          |Out1<5>        |   14.853|
B2<2>          |Out1<6>        |   14.745|
B2<2>          |Out1<7>        |   16.071|
B2<2>          |Out2<2>        |   15.023|
B2<2>          |Out2<3>        |   15.284|
B2<2>          |Out2<4>        |   15.764|
B2<2>          |Out2<5>        |   15.331|
B2<2>          |Out2<6>        |   15.199|
B2<2>          |Out2<7>        |   15.806|
B2<3>          |Out1<3>        |   14.079|
B2<3>          |Out1<4>        |   14.192|
B2<3>          |Out1<5>        |   14.703|
B2<3>          |Out1<6>        |   14.777|
B2<3>          |Out1<7>        |   16.103|
B2<3>          |Out2<3>        |   14.627|
B2<3>          |Out2<4>        |   15.850|
B2<3>          |Out2<5>        |   15.568|
B2<3>          |Out2<6>        |   15.563|
B2<3>          |Out2<7>        |   16.170|
B2<4>          |Out1<4>        |   14.102|
B2<4>          |Out1<5>        |   14.773|
B2<4>          |Out1<6>        |   14.903|
B2<4>          |Out1<7>        |   16.229|
B2<4>          |Out2<4>        |   15.678|
B2<4>          |Out2<5>        |   15.396|
B2<4>          |Out2<6>        |   15.391|
B2<4>          |Out2<7>        |   15.998|
B2<5>          |Out1<5>        |   14.242|
B2<5>          |Out1<6>        |   14.372|
B2<5>          |Out1<7>        |   15.698|
B2<5>          |Out2<5>        |   13.925|
B2<5>          |Out2<6>        |   14.468|
B2<5>          |Out2<7>        |   15.226|
B2<6>          |Out1<6>        |   14.213|
B2<6>          |Out1<7>        |   15.998|
B2<6>          |Out2<6>        |   14.354|
B2<6>          |Out2<7>        |   15.112|
B2<7>          |Out1<7>        |   15.459|
B2<7>          |Out2<7>        |   14.687|
Op<0>          |Out1<0>        |   11.258|
Op<0>          |Out1<1>        |   11.134|
Op<0>          |Out1<2>        |   10.480|
Op<0>          |Out1<3>        |   10.606|
Op<0>          |Out1<4>        |   10.265|
Op<0>          |Out1<5>        |   10.776|
Op<0>          |Out1<6>        |   10.452|
Op<0>          |Out1<7>        |   11.494|
Op<0>          |Out2<0>        |    9.999|
Op<0>          |Out2<1>        |   10.078|
Op<0>          |Out2<2>        |   10.014|
Op<0>          |Out2<3>        |   10.124|
Op<0>          |Out2<4>        |   10.367|
Op<0>          |Out2<5>        |    9.934|
Op<0>          |Out2<6>        |    9.692|
Op<0>          |Out2<7>        |   10.299|
Op<1>          |Out1<0>        |   12.968|
Op<1>          |Out1<1>        |   12.844|
Op<1>          |Out1<2>        |   12.190|
Op<1>          |Out1<3>        |   12.316|
Op<1>          |Out1<4>        |   12.017|
Op<1>          |Out1<5>        |   12.528|
Op<1>          |Out1<6>        |   12.299|
Op<1>          |Out1<7>        |   13.341|
Op<1>          |Out2<0>        |   11.873|
Op<1>          |Out2<1>        |   12.252|
Op<1>          |Out2<2>        |   12.705|
Op<1>          |Out2<3>        |   12.829|
Op<1>          |Out2<4>        |   13.316|
Op<1>          |Out2<5>        |   12.883|
Op<1>          |Out2<6>        |   12.641|
Op<1>          |Out2<7>        |   13.248|
Op<2>          |Out1<0>        |   13.406|
Op<2>          |Out1<1>        |   14.153|
Op<2>          |Out1<2>        |   14.144|
Op<2>          |Out1<3>        |   14.421|
Op<2>          |Out1<4>        |   14.317|
Op<2>          |Out1<5>        |   14.828|
Op<2>          |Out1<6>        |   14.599|
Op<2>          |Out1<7>        |   15.641|
Op<2>          |Out2<0>        |   14.173|
Op<2>          |Out2<1>        |   14.469|
Op<2>          |Out2<2>        |   14.922|
Op<2>          |Out2<3>        |   15.032|
Op<2>          |Out2<4>        |   15.275|
Op<2>          |Out2<5>        |   14.842|
Op<2>          |Out2<6>        |   14.600|
Op<2>          |Out2<7>        |   15.207|
Op<3>          |Out1<0>        |   13.019|
Op<3>          |Out1<1>        |   13.409|
Op<3>          |Out1<2>        |   13.400|
Op<3>          |Out1<3>        |   13.677|
Op<3>          |Out1<4>        |   13.573|
Op<3>          |Out1<5>        |   14.084|
Op<3>          |Out1<6>        |   13.855|
Op<3>          |Out1<7>        |   14.897|
Op<3>          |Out2<0>        |   13.429|
Op<3>          |Out2<1>        |   13.725|
Op<3>          |Out2<2>        |   14.178|
Op<3>          |Out2<3>        |   14.288|
Op<3>          |Out2<4>        |   14.531|
Op<3>          |Out2<5>        |   14.098|
Op<3>          |Out2<6>        |   13.856|
Op<3>          |Out2<7>        |   14.463|
Op<4>          |Out1<0>        |   13.109|
Op<4>          |Out1<1>        |   13.170|
Op<4>          |Out1<2>        |   13.161|
Op<4>          |Out1<3>        |   13.438|
Op<4>          |Out1<4>        |   13.334|
Op<4>          |Out1<5>        |   13.845|
Op<4>          |Out1<6>        |   13.616|
Op<4>          |Out1<7>        |   14.658|
Op<4>          |Out2<0>        |   13.190|
Op<4>          |Out2<1>        |   13.486|
Op<4>          |Out2<2>        |   13.939|
Op<4>          |Out2<3>        |   14.049|
Op<4>          |Out2<4>        |   14.292|
Op<4>          |Out2<5>        |   13.859|
Op<4>          |Out2<6>        |   13.617|
Op<4>          |Out2<7>        |   14.224|
Op<5>          |Out1<0>        |   13.077|
Op<5>          |Out1<1>        |   12.953|
Op<5>          |Out1<2>        |   12.495|
Op<5>          |Out1<3>        |   12.772|
Op<5>          |Out1<4>        |   12.668|
Op<5>          |Out1<5>        |   13.179|
Op<5>          |Out1<6>        |   12.950|
Op<5>          |Out1<7>        |   13.992|
Op<5>          |Out2<0>        |   12.524|
Op<5>          |Out2<1>        |   12.820|
Op<5>          |Out2<2>        |   13.273|
Op<5>          |Out2<3>        |   13.383|
Op<5>          |Out2<4>        |   13.626|
Op<5>          |Out2<5>        |   13.193|
Op<5>          |Out2<6>        |   12.951|
Op<5>          |Out2<7>        |   13.558|
Op<6>          |Out1<0>        |   13.307|
Op<6>          |Out1<1>        |   13.183|
Op<6>          |Out1<2>        |   12.529|
Op<6>          |Out1<3>        |   12.679|
Op<6>          |Out1<4>        |   12.575|
Op<6>          |Out1<5>        |   13.086|
Op<6>          |Out1<6>        |   12.857|
Op<6>          |Out1<7>        |   13.899|
Op<6>          |Out2<0>        |   12.431|
Op<6>          |Out2<1>        |   12.727|
Op<6>          |Out2<2>        |   13.180|
Op<6>          |Out2<3>        |   13.290|
Op<6>          |Out2<4>        |   13.655|
Op<6>          |Out2<5>        |   13.222|
Op<6>          |Out2<6>        |   12.980|
Op<6>          |Out2<7>        |   13.587|
Op<7>          |Out1<0>        |   12.941|
Op<7>          |Out1<1>        |   12.817|
Op<7>          |Out1<2>        |   12.704|
Op<7>          |Out1<3>        |   12.981|
Op<7>          |Out1<4>        |   12.877|
Op<7>          |Out1<5>        |   13.388|
Op<7>          |Out1<6>        |   13.159|
Op<7>          |Out1<7>        |   14.201|
Op<7>          |Out2<0>        |   12.733|
Op<7>          |Out2<1>        |   13.029|
Op<7>          |Out2<2>        |   13.482|
Op<7>          |Out2<3>        |   13.592|
Op<7>          |Out2<4>        |   13.835|
Op<7>          |Out2<5>        |   13.402|
Op<7>          |Out2<6>        |   13.160|
Op<7>          |Out2<7>        |   13.767|
---------------+---------------+---------+


Analysis completed Sun Sep 24 21:50:25 2017 
--------------------------------------------------------------------------------

Trace Settings:
-------------------------
Trace Settings 

Peak Memory Usage: 173 MB



